<?xml version='1.0' encoding='utf-8'?>
<TestRun xmlns="http://microsoft.com/schemas/VisualStudio/TeamTest/2010" id="6f155851-7b7d-491d-8418-d7331fd9f1a7" name="flakemap-example run-12">
  <Times creation="2026-09-30T20:46:15.2758832-07:00" queuing="2026-09-30T20:46:15.2758833-07:00" start="2026-09-30T20:46:14.7759406-07:00" finish="2026-09-30T20:46:15.2819572-07:00" />
  <TestSettings name="default" id="9ca6b6a8-1c7e-4437-97db-5891a3d0c657">
    <Deployment runDeploymentRoot="run-12" />
  </TestSettings>
  <Results>
    <UnitTestResult executionId="cafc8ac3-e436-44ef-a256-bf32b9ffb7d0" testId="ecb5da50-50ef-2f7b-27c9-7e247474f852" testName="CacheWarmsBeforeFirstRequest" computerName="ci-runner" duration="00:00:00.0002835" startTime="2026-09-30T20:46:15.1402766-07:00" endTime="2026-09-30T20:46:15.1406747-07:00" testType="13cdc9d9-ddb5-4fa4-a97d-d965ccfc6d4b" outcome="Passed" testListId="8c84fa94-04c1-424b-9868-57a2d4851a1d" relativeResultsDirectory="cafc8ac3-e436-44ef-a256-bf32b9ffb7d0" />
    <UnitTestResult executionId="0e86aff0-7e82-4bf4-a36f-e32892d4292a" testId="e0173646-80dd-5fa4-5673-1e0160753f1b" testName="TotalIncludesTax" computerName="ci-runner" duration="00:00:00.0023608" startTime="2026-09-30T20:46:15.1240974-07:00" endTime="2026-09-30T20:46:15.1371077-07:00" testType="13cdc9d9-ddb5-4fa4-a97d-d965ccfc6d4b" outcome="Passed" testListId="8c84fa94-04c1-424b-9868-57a2d4851a1d" relativeResultsDirectory="0e86aff0-7e82-4bf4-a36f-e32892d4292a" />
    <UnitTestResult executionId="000c386b-78be-41f7-b85d-c0a30333d4e1" testId="f3a45a80-4e60-6ec7-61af-3400f64f8d97" testName="RefundReachesSandbox" computerName="ci-runner" startTime="2026-09-30T20:46:15.1563002-07:00" endTime="2026-09-30T20:46:15.1571322-07:00" testType="13cdc9d9-ddb5-4fa4-a97d-d965ccfc6d4b" outcome="NotExecuted" testListId="8c84fa94-04c1-424b-9868-57a2d4851a1d" relativeResultsDirectory="000c386b-78be-41f7-b85d-c0a30333d4e1">
      <Output>
        <ErrorInfo>
          <Message>payment sandbox is down</Message>
        </ErrorInfo>
      </Output>
    </UnitTestResult>
    <UnitTestResult executionId="464a0044-00b1-41b5-8a1f-e0c226d4f903" testId="ebda21e8-bb45-d946-a990-90f117f0ab53" testName="CurrencyHasMinorUnits (&quot;JPY&quot;,0)" computerName="ci-runner" duration="00:00:00.0001960" startTime="2026-09-30T20:46:15.1559751-07:00" endTime="2026-09-30T20:46:15.1562722-07:00" testType="13cdc9d9-ddb5-4fa4-a97d-d965ccfc6d4b" outcome="Passed" testListId="8c84fa94-04c1-424b-9868-57a2d4851a1d" relativeResultsDirectory="464a0044-00b1-41b5-8a1f-e0c226d4f903" />
    <UnitTestResult executionId="f2a7dea7-6f06-4d2f-8cd7-d8cce6adf6a0" testId="8dd85446-d0f1-08c0-38a1-0a35fb7a2bca" testName="DiscountCodeIsCaseInsensitive" computerName="ci-runner" duration="00:00:00.0085727" startTime="2026-09-30T20:46:15.1409221-07:00" endTime="2026-09-30T20:46:15.1502406-07:00" testType="13cdc9d9-ddb5-4fa4-a97d-d965ccfc6d4b" outcome="Failed" testListId="8c84fa94-04c1-424b-9868-57a2d4851a1d" relativeResultsDirectory="f2a7dea7-6f06-4d2f-8cd7-d8cce6adf6a0">
      <Output>
        <ErrorInfo>
          <Message>Test method FlakyDotnet.Tests.CheckoutTests.DiscountCodeIsCaseInsensitive threw exception: 
System.InvalidOperationException: discount code 'save10' not found</Message>
          <StackTrace>    at FlakyDotnet.Tests.CheckoutTests.DiscountCodeIsCaseInsensitive() in CheckoutTests.cs:line 29
   at System.RuntimeMethodHandle.InvokeMethod(Object target, Void** arguments, Signature sig, Boolean isConstructor)
   at System.Reflection.MethodBaseInvoker.InvokeWithNoArgs(Object obj, BindingFlags invokeAttr)
</StackTrace>
        </ErrorInfo>
      </Output>
    </UnitTestResult>
    <UnitTestResult executionId="62194da3-2b9d-465b-84aa-8ed820a066e6" testId="bde8dd31-c8f0-fda0-1cc9-afc5b38b591b" testName="CurrencyHasMinorUnits (&quot;EUR&quot;,2)" computerName="ci-runner" duration="00:00:00.0002937" startTime="2026-09-30T20:46:15.1503066-07:00" endTime="2026-09-30T20:46:15.1559444-07:00" testType="13cdc9d9-ddb5-4fa4-a97d-d965ccfc6d4b" outcome="Passed" testListId="8c84fa94-04c1-424b-9868-57a2d4851a1d" relativeResultsDirectory="62194da3-2b9d-465b-84aa-8ed820a066e6" />
  </Results>
  <TestDefinitions>
    <UnitTest name="RefundReachesSandbox" storage="flakydotnet.tests.dll" id="f3a45a80-4e60-6ec7-61af-3400f64f8d97">
      <Execution id="000c386b-78be-41f7-b85d-c0a30333d4e1" />
      <TestMethod codeBase="FlakyDotnet.Tests.dll" adapterTypeName="executor://mstestadapter/v2" className="FlakyDotnet.Tests.CheckoutTests" name="RefundReachesSandbox" />
    </UnitTest>
    <UnitTest name="DiscountCodeIsCaseInsensitive" storage="flakydotnet.tests.dll" id="8dd85446-d0f1-08c0-38a1-0a35fb7a2bca">
      <Execution id="f2a7dea7-6f06-4d2f-8cd7-d8cce6adf6a0" />
      <TestMethod codeBase="FlakyDotnet.Tests.dll" adapterTypeName="executor://mstestadapter/v2" className="FlakyDotnet.Tests.CheckoutTests" name="DiscountCodeIsCaseInsensitive" />
    </UnitTest>
    <UnitTest name="CacheWarmsBeforeFirstRequest" storage="flakydotnet.tests.dll" id="ecb5da50-50ef-2f7b-27c9-7e247474f852">
      <Execution id="cafc8ac3-e436-44ef-a256-bf32b9ffb7d0" />
      <TestMethod codeBase="FlakyDotnet.Tests.dll" adapterTypeName="executor://mstestadapter/v2" className="FlakyDotnet.Tests.CheckoutTests" name="CacheWarmsBeforeFirstRequest" />
    </UnitTest>
    <UnitTest name="TotalIncludesTax" storage="flakydotnet.tests.dll" id="e0173646-80dd-5fa4-5673-1e0160753f1b">
      <Execution id="0e86aff0-7e82-4bf4-a36f-e32892d4292a" />
      <TestMethod codeBase="FlakyDotnet.Tests.dll" adapterTypeName="executor://mstestadapter/v2" className="FlakyDotnet.Tests.CheckoutTests" name="TotalIncludesTax" />
    </UnitTest>
    <UnitTest name="CurrencyHasMinorUnits (&quot;JPY&quot;,0)" storage="flakydotnet.tests.dll" id="ebda21e8-bb45-d946-a990-90f117f0ab53">
      <Execution id="464a0044-00b1-41b5-8a1f-e0c226d4f903" />
      <TestMethod codeBase="FlakyDotnet.Tests.dll" adapterTypeName="executor://mstestadapter/v2" className="FlakyDotnet.Tests.CheckoutTests" name="CurrencyHasMinorUnits" />
    </UnitTest>
    <UnitTest name="CurrencyHasMinorUnits (&quot;EUR&quot;,2)" storage="flakydotnet.tests.dll" id="bde8dd31-c8f0-fda0-1cc9-afc5b38b591b">
      <Execution id="62194da3-2b9d-465b-84aa-8ed820a066e6" />
      <TestMethod codeBase="FlakyDotnet.Tests.dll" adapterTypeName="executor://mstestadapter/v2" className="FlakyDotnet.Tests.CheckoutTests" name="CurrencyHasMinorUnits" />
    </UnitTest>
  </TestDefinitions>
  <TestEntries>
    <TestEntry testId="ecb5da50-50ef-2f7b-27c9-7e247474f852" executionId="cafc8ac3-e436-44ef-a256-bf32b9ffb7d0" testListId="8c84fa94-04c1-424b-9868-57a2d4851a1d" />
    <TestEntry testId="e0173646-80dd-5fa4-5673-1e0160753f1b" executionId="0e86aff0-7e82-4bf4-a36f-e32892d4292a" testListId="8c84fa94-04c1-424b-9868-57a2d4851a1d" />
    <TestEntry testId="f3a45a80-4e60-6ec7-61af-3400f64f8d97" executionId="000c386b-78be-41f7-b85d-c0a30333d4e1" testListId="8c84fa94-04c1-424b-9868-57a2d4851a1d" />
    <TestEntry testId="ebda21e8-bb45-d946-a990-90f117f0ab53" executionId="464a0044-00b1-41b5-8a1f-e0c226d4f903" testListId="8c84fa94-04c1-424b-9868-57a2d4851a1d" />
    <TestEntry testId="8dd85446-d0f1-08c0-38a1-0a35fb7a2bca" executionId="f2a7dea7-6f06-4d2f-8cd7-d8cce6adf6a0" testListId="8c84fa94-04c1-424b-9868-57a2d4851a1d" />
    <TestEntry testId="bde8dd31-c8f0-fda0-1cc9-afc5b38b591b" executionId="62194da3-2b9d-465b-84aa-8ed820a066e6" testListId="8c84fa94-04c1-424b-9868-57a2d4851a1d" />
  </TestEntries>
  <TestLists>
    <TestList name="Results Not in a List" id="8c84fa94-04c1-424b-9868-57a2d4851a1d" />
    <TestList name="All Loaded Results" id="19431567-8539-422a-85d7-44ee4e166bda" />
  </TestLists>
  <ResultSummary outcome="Failed">
    <Counters total="6" executed="5" passed="4" failed="1" error="0" timeout="0" aborted="0" inconclusive="0" passedButRunAborted="0" notRunnable="0" notExecuted="0" disconnected="0" warning="0" completed="0" inProgress="0" pending="0" />
    <Output>
      <StdOut>Test 'RefundReachesSandbox' was skipped in the test run.
</StdOut>
    </Output>
  </ResultSummary>
</TestRun>